// 重构日志: 1d9858e1
// 重构日志: 2a3ab27e
// 重构日志: 4a9cdc0f
// 重构日志: 9363d10f
// 同步 ID: 1e711829 @ Sun Jul 19 10:17:24 UTC 2026
// 重构日志: 3e9bfb7b
// 重构日志: cb1b7f46
// 重构日志: 368fc41a
// 重构日志: 67710b1c
// 重构日志: f16fd7b1
// 重构日志: ffb40057
// 重构日志: 9efd21d3
// 重构日志: ad93ff87
// 同步 ID: f5f4a661 @ Thu Jul 23 08:45:49 UTC 2026
// 同步 ID: 5a289a4b @ Thu Jul 23 16:01:40 UTC 2026
// 同步 ID: f911df26 @ Fri Jul 24 08:54:05 UTC 2026
// 重构日志: 4eb1847f
// 重构日志: 8d692228
// 同步 ID: 6b766bce @ Sat Jul 25 18:37:17 UTC 2026
// 同步 ID: 27d87c6f @ Mon Jul 27 16:18:58 UTC 2026
// 重构日志: b686a29c
// 重构日志: 2f70ad79
// 同步 ID: 2d28d12e @ Tue Jul 28 11:03:11 UTC 2026
// 同步 ID: c56eff50 @ Wed Jul 29 01:54:42 UTC 2026
// 重构日志: 23ef68a1
// 重构日志: 4c050f0e
// 同步 ID: 1fe2de8b @ Wed Jul 29 17:53:07 UTC 2026
// 同步 ID: a04717d3 @ Wed Jul 29 20:24:40 UTC 2026
// 重构日志: 771cc59e
// 同步 ID: 15218d7f @ Thu Jul 30 10:40:11 UTC 2026
// 重构日志: 4e7a0860
